../feed-reminder-up/app/api/auth/[...all]/route.ts(1,22): error TS2307: Cannot find module '@/lib/auth' or its corresponding type declarations.
../feed-reminder-up/app/api/cron/update-feed/route.ts(2,20): error TS2307: Cannot find module '@/db' or its corresponding type declarations.
../feed-reminder-up/app/api/cron/update-feed/route.ts(3,32): error TS2307: Cannot find module '@/db/schema' or its corresponding type declarations.
../feed-reminder-up/app/api/cron/update-feed/route.ts(4,33): error TS2307: Cannot find module '@/modules/cycles/server/services/feed-service' or its corresponding type declarations.
../feed-reminder-up/app/api/cron/update-feed/route.ts(29,33): error TS7031: Binding element 'cycle' implicitly has an 'any' type.
../feed-reminder-up/app/api/cron/update-feed/route.ts(29,40): error TS7031: Binding element 'officerId' implicitly has an 'any' type.
../feed-reminder-up/app/api/cron/update-feed/route.ts(35,41): error TS7006: Parameter 'r' implicitly has an 'any' type.
../feed-reminder-up/app/api/trpc/[trpc]/route.ts(1,35): error TS2307: Cannot find module '@/trpc/init' or its corresponding type declarations.
../feed-reminder-up/app/api/trpc/[trpc]/route.ts(2,27): error TS2307: Cannot find module '@/trpc/routers/_app' or its corresponding type declarations.
../feed-reminder-up/hooks/use-current-org.ts(3,25): error TS2307: Cannot find module '@/trpc/client' or its corresponding type declarations.
../feed-reminder-up/hooks/use-current-org.ts(17,5): error TS2698: Spread types may only be created from object types.
../feed-reminder-up/hooks/use-current-org.ts(18,24): error TS2339: Property 'orgId' does not exist on type '{}'.
../feed-reminder-up/hooks/use-current-org.ts(19,23): error TS2339: Property 'role' does not exist on type '{}'.
../feed-reminder-up/hooks/use-current-org.ts(20,24): error TS2339: Property 'isPro' does not exist on type '{}'.
../feed-reminder-up/hooks/use-current-org.ts(22,34): error TS2339: Property 'status' does not exist on type '{}'.
../feed-reminder-up/hooks/use-current-org.ts(23,29): error TS2339: Property 'activeMode' does not exist on type '{}'.
../feed-reminder-up/hooks/use-current-org.ts(24,30): error TS2339: Property 'accessLevel' does not exist on type '{}'.
../feed-reminder-up/hooks/use-current-org.ts(26,19): error TS2339: Property 'role' does not exist on type '{}'.
../feed-reminder-up/hooks/use-current-org.ts(27,19): error TS2339: Property 'role' does not exist on type '{}'.
../feed-reminder-up/hooks/use-current-org.ts(28,20): error TS2339: Property 'role' does not exist on type '{}'.
../feed-reminder-up/hooks/use-current-org.ts(28,55): error TS2339: Property 'activeMode' does not exist on type '{}'.
../feed-reminder-up/hooks/use-current-org.ts(28,95): error TS2339: Property 'accessLevel' does not exist on type '{}'.
../feed-reminder-up/lib/auth.ts(1,20): error TS2307: Cannot find module '@/db' or its corresponding type declarations.
../feed-reminder-up/lib/auth.ts(2,25): error TS2307: Cannot find module '@/db/schema' or its corresponding type declarations.
../feed-reminder-up/modules/cycles/server/services/cycle-service.ts(1,80): error TS2307: Cannot find module '@/db/schema' or its corresponding type declarations.
../feed-reminder-up/modules/cycles/server/services/cycle-service.ts(2,36): error TS2307: Cannot find module '@/modules/reports/server/services/sale-metrics-service' or its corresponding type declarations.
../feed-reminder-up/modules/cycles/server/services/cycle-service.ts(81,54): error TS2307: Cannot find module '@/modules/notifications/server/notification-service' or its corresponding type declarations.
../feed-reminder-up/modules/cycles/server/services/feed-service.ts(1,56): error TS2307: Cannot find module '@/constants' or its corresponding type declarations.
../feed-reminder-up/modules/cycles/server/services/feed-service.ts(2,20): error TS2307: Cannot find module '@/db' or its corresponding type declarations.
../feed-reminder-up/modules/cycles/server/services/feed-service.ts(3,35): error TS2307: Cannot find module '@/db/schema' or its corresponding type declarations.
../feed-reminder-up/modules/cycles/server/services/feed-service.ts(45,41): error TS2307: Cannot find module '@/db/schema' or its corresponding type declarations.
../feed-reminder-up/modules/cycles/server/services/feed-service.ts(200,37): error TS7006: Parameter 'innerTx' implicitly has an 'any' type.
../feed-reminder-up/modules/cycles/types.ts(1,38): error TS2307: Cannot find module '@/db/schema' or its corresponding type declarations.
../feed-reminder-up/modules/cycles/ui/components/cycles/sale-form-utils.ts(1,26): error TS2307: Cannot find module '@/modules/shared/types/feed' or its corresponding type declarations.
../feed-reminder-up/modules/notifications/server/notification-service.ts(1,20): error TS2307: Cannot find module '@/db' or its corresponding type declarations.
../feed-reminder-up/modules/notifications/server/notification-service.ts(2,38): error TS2307: Cannot find module '@/db/schema' or its corresponding type declarations.
../feed-reminder-up/modules/notifications/server/notification-service.ts(68,54): error TS2307: Cannot find module '@/db/schema' or its corresponding type declarations.
../feed-reminder-up/modules/notifications/server/notification-service.ts(100,34): error TS7006: Parameter 'a' implicitly has an 'any' type.
../feed-reminder-up/modules/notifications/server/notification-service.ts(107,37): error TS7006: Parameter 'm' implicitly has an 'any' type.
../feed-reminder-up/modules/reports/server/services/performance-analytics-service.ts(1,20): error TS2307: Cannot find module '@/db' or its corresponding type declarations.
../feed-reminder-up/modules/reports/server/services/performance-analytics-service.ts(2,84): error TS2307: Cannot find module '@/db/schema' or its corresponding type declarations.
../feed-reminder-up/modules/reports/server/services/performance-analytics-service.ts(334,18): error TS7006: Parameter 'sum' implicitly has an 'any' type.
../feed-reminder-up/modules/reports/server/services/performance-analytics-service.ts(334,23): error TS7006: Parameter 's' implicitly has an 'any' type.
../feed-reminder-up/modules/reports/server/services/performance-analytics-service.ts(339,18): error TS7006: Parameter 'sum' implicitly has an 'any' type.
../feed-reminder-up/modules/reports/server/services/performance-analytics-service.ts(339,23): error TS7006: Parameter 's' implicitly has an 'any' type.
../feed-reminder-up/modules/reports/server/services/performance-analytics-service.ts(344,18): error TS7006: Parameter 'sum' implicitly has an 'any' type.
../feed-reminder-up/modules/reports/server/services/performance-analytics-service.ts(344,23): error TS7006: Parameter 's' implicitly has an 'any' type.
../feed-reminder-up/modules/reports/server/services/sale-metrics-service.ts(1,76): error TS2307: Cannot find module '@/constants' or its corresponding type declarations.
../feed-reminder-up/modules/reports/server/services/sale-metrics-service.ts(2,20): error TS2307: Cannot find module '@/db' or its corresponding type declarations.
../feed-reminder-up/modules/reports/server/services/sale-metrics-service.ts(3,63): error TS2307: Cannot find module '@/db/schema' or its corresponding type declarations.
../feed-reminder-up/modules/settings/actions/security-actions.ts(3,22): error TS2307: Cannot find module '@/lib/auth' or its corresponding type declarations.
../feed-reminder-up/modules/settings/actions/security-actions.ts(19,40): error TS7006: Parameter 'account' implicitly has an 'any' type.
../feed-reminder-up/scripts/backfill-sale-metrics.ts(1,20): error TS2307: Cannot find module '@/db' or its corresponding type declarations.
../feed-reminder-up/scripts/backfill-sale-metrics.ts(2,36): error TS2307: Cannot find module '@/modules/reports/server/services/sale-metrics-service' or its corresponding type declarations.
../feed-reminder-up/trpc/init.ts(1,20): error TS2307: Cannot find module '@/db' or its corresponding type declarations.
../feed-reminder-up/trpc/init.ts(2,30): error TS2307: Cannot find module '@/db/schema' or its corresponding type declarations.
../feed-reminder-up/trpc/init.ts(3,22): error TS2307: Cannot find module '@/lib/auth' or its corresponding type declarations.
../feed-reminder-up/trpc/routers/admin/admin.ts(1,20): error TS2307: Cannot find module '@/db' or its corresponding type declarations.
../feed-reminder-up/trpc/routers/admin/admin.ts(2,60): error TS2307: Cannot find module '@/db/schema' or its corresponding type declarations.
../feed-reminder-up/trpc/routers/admin/admin.ts(65,35): error TS7006: Parameter 'tx' implicitly has an 'any' type.
../feed-reminder-up/trpc/routers/admin/admin.ts(90,35): error TS7006: Parameter 'tx' implicitly has an 'any' type.
../feed-reminder-up/trpc/routers/admin/cycles.ts(1,63): error TS2307: Cannot find module '@/db/schema' or its corresponding type declarations.
../feed-reminder-up/trpc/routers/admin/cycles.ts(84,33): error TS7006: Parameter 'd' implicitly has an 'any' type.
../feed-reminder-up/trpc/routers/admin/cycles.ts(136,46): error TS7006: Parameter 'c' implicitly has an 'any' type.
../feed-reminder-up/trpc/routers/admin/cycles.ts(144,36): error TS7006: Parameter 'h' implicitly has an 'any' type.
../feed-reminder-up/trpc/routers/admin/cycles.ts(188,37): error TS7006: Parameter 'c' implicitly has an 'any' type.
../feed-reminder-up/trpc/routers/admin/cycles.ts(196,37): error TS7006: Parameter 'h' implicitly has an 'any' type.
../feed-reminder-up/trpc/routers/admin/cycles.ts(259,33): error TS7006: Parameter 'd' implicitly has an 'any' type.
../feed-reminder-up/trpc/routers/admin/officers.ts(2,76): error TS2307: Cannot find module '@/db/schema' or its corresponding type declarations.
../feed-reminder-up/trpc/routers/admin/officers.ts(51,25): error TS7006: Parameter 'f' implicitly has an 'any' type.
../feed-reminder-up/trpc/routers/admin/officers.ts(52,22): error TS7006: Parameter 'f' implicitly has an 'any' type.
../feed-reminder-up/trpc/routers/admin/officers.ts(54,54): error TS7006: Parameter 'f' implicitly has an 'any' type.
../feed-reminder-up/trpc/routers/admin/officers.ts(130,33): error TS7006: Parameter 'f' implicitly has an 'any' type.
../feed-reminder-up/trpc/routers/admin/officers.ts(131,34): error TS7006: Parameter 'acc' implicitly has an 'any' type.
../feed-reminder-up/trpc/routers/admin/officers.ts(131,39): error TS7006: Parameter 'f' implicitly has an 'any' type.
../feed-reminder-up/trpc/routers/admin/officers.ts(139,45): error TS7006: Parameter 'f' implicitly has an 'any' type.
../feed-reminder-up/trpc/routers/admin/officers.ts(174,32): error TS7006: Parameter 'm' implicitly has an 'any' type.
../feed-reminder-up/trpc/routers/admin/officers.ts(175,59): error TS7006: Parameter 'f' implicitly has an 'any' type.
../feed-reminder-up/trpc/routers/admin/officers.ts(182,49): error TS7006: Parameter 'f' implicitly has an 'any' type.
../feed-reminder-up/trpc/routers/admin/officers.ts(186,55): error TS7006: Parameter 'c' implicitly has an 'any' type.
../feed-reminder-up/trpc/routers/admin/officers.ts(199,45): error TS7006: Parameter 'tx' implicitly has an 'any' type.
../feed-reminder-up/trpc/routers/admin/organization.ts(1,54): error TS2307: Cannot find module '@/db/schema' or its corresponding type declarations.
../feed-reminder-up/trpc/routers/admin/organization.ts(105,71): error TS2307: Cannot find module '@/db/schema' or its corresponding type declarations.
../feed-reminder-up/trpc/routers/admin/stats.ts(1,52): error TS2307: Cannot find module '@/db/schema' or its corresponding type declarations.
../feed-reminder-up/trpc/routers/admin/stats.ts(30,59): error TS7006: Parameter 'acc' implicitly has an 'any' type.
../feed-reminder-up/trpc/routers/admin/stats.ts(30,64): error TS7006: Parameter 'c' implicitly has an 'any' type.
../feed-reminder-up/trpc/routers/ai.ts(2,51): error TS2307: Cannot find module '@/db/schema' or its corresponding type declarations.
../feed-reminder-up/trpc/routers/ai.ts(402,49): error TS7006: Parameter 'f' implicitly has an 'any' type.
../feed-reminder-up/trpc/routers/ai.ts(403,51): error TS7006: Parameter 'c' implicitly has an 'any' type.
../feed-reminder-up/trpc/routers/ai.ts(692,47): error TS7006: Parameter 'c' implicitly has an 'any' type.
../feed-reminder-up/trpc/routers/ai.ts(713,63): error TS7006: Parameter 'sum' implicitly has an 'any' type.
../feed-reminder-up/trpc/routers/ai.ts(713,68): error TS7006: Parameter 'log' implicitly has an 'any' type.
../feed-reminder-up/trpc/routers/ai.ts(844,42): error TS7006: Parameter 'r' implicitly has an 'any' type.
../feed-reminder-up/trpc/routers/ai.ts(877,74): error TS7006: Parameter 'sum' implicitly has an 'any' type.
../feed-reminder-up/trpc/routers/ai.ts(877,79): error TS7006: Parameter 'log' implicitly has an 'any' type.
../feed-reminder-up/trpc/routers/auth.ts(3,24): error TS2307: Cannot find module '@/db/schema' or its corresponding type declarations.
../feed-reminder-up/trpc/routers/auth.ts(98,48): error TS2307: Cannot find module '@/db/schema' or its corresponding type declarations.
../feed-reminder-up/trpc/routers/management/analytics.ts(1,40): error TS2307: Cannot find module '@/db/schema' or its corresponding type declarations.
../feed-reminder-up/trpc/routers/management/cycles.ts(1,71): error TS2307: Cannot find module '@/db/schema' or its corresponding type declarations.
../feed-reminder-up/trpc/routers/management/cycles.ts(76,33): error TS7006: Parameter 'd' implicitly has an 'any' type.
../feed-reminder-up/trpc/routers/management/cycles.ts(136,46): error TS7006: Parameter 'c' implicitly has an 'any' type.
../feed-reminder-up/trpc/routers/management/cycles.ts(144,36): error TS7006: Parameter 'h' implicitly has an 'any' type.
../feed-reminder-up/trpc/routers/management/cycles.ts(196,37): error TS7006: Parameter 'c' implicitly has an 'any' type.
../feed-reminder-up/trpc/routers/management/cycles.ts(204,37): error TS7006: Parameter 'h' implicitly has an 'any' type.
../feed-reminder-up/trpc/routers/management/cycles.ts(276,33): error TS7006: Parameter 'd' implicitly has an 'any' type.
../feed-reminder-up/trpc/routers/management/farmers.ts(1,88): error TS2307: Cannot find module '@/db/schema' or its corresponding type declarations.
../feed-reminder-up/trpc/routers/management/farmers.ts(51,57): error TS7006: Parameter 'd' implicitly has an 'any' type.
../feed-reminder-up/trpc/routers/management/farmers.ts(64,59): error TS7006: Parameter 'acc' implicitly has an 'any' type.
../feed-reminder-up/trpc/routers/management/farmers.ts(64,64): error TS7006: Parameter 'c' implicitly has an 'any' type.
../feed-reminder-up/trpc/routers/management/farmers.ts(101,53): error TS7006: Parameter 'd' implicitly has an 'any' type.
../feed-reminder-up/trpc/routers/management/farmers.ts(114,55): error TS7006: Parameter 'acc' implicitly has an 'any' type.
../feed-reminder-up/trpc/routers/management/farmers.ts(114,60): error TS7006: Parameter 'c' implicitly has an 'any' type.
../feed-reminder-up/trpc/routers/management/farmers.ts(164,38): error TS7006: Parameter 'd' implicitly has an 'any' type.
../feed-reminder-up/trpc/routers/management/farmers.ts(188,33): error TS7006: Parameter 'd' implicitly has an 'any' type.
../feed-reminder-up/trpc/routers/management/farmers.ts(245,49): error TS7006: Parameter 'c' implicitly has an 'any' type.
../feed-reminder-up/trpc/routers/management/farmers.ts(248,44): error TS7006: Parameter 'h' implicitly has an 'any' type.
../feed-reminder-up/trpc/routers/management/farmers.ts(308,52): error TS7006: Parameter 'tx' implicitly has an 'any' type.
../feed-reminder-up/trpc/routers/management/farmers.ts(330,66): error TS2307: Cannot find module '@/modules/notifications/server/notification-service' or its corresponding type declarations.
../feed-reminder-up/trpc/routers/management/farmers.ts(397,62): error TS2307: Cannot find module '@/modules/notifications/server/notification-service' or its corresponding type declarations.
../feed-reminder-up/trpc/routers/management/farmers.ts(446,52): error TS7006: Parameter 'tx' implicitly has an 'any' type.
../feed-reminder-up/trpc/routers/management/farmers.ts(466,70): error TS2307: Cannot find module '@/modules/notifications/server/notification-service' or its corresponding type declarations.
../feed-reminder-up/trpc/routers/management/farmers.ts(499,27): error TS7006: Parameter 'logs' implicitly has an 'any' type.
../feed-reminder-up/trpc/routers/management/farmers.ts(499,35): error TS7031: Binding element 'desc' implicitly has an 'any' type.
../feed-reminder-up/trpc/routers/management/feed-orders.ts(1,28): error TS2307: Cannot find module '@/db/schema' or its corresponding type declarations.
../feed-reminder-up/trpc/routers/management/feed-orders.ts(19,25): error TS7006: Parameter 'feedOrders' implicitly has an 'any' type.
../feed-reminder-up/trpc/routers/management/feed-orders.ts(19,39): error TS7031: Binding element 'and' implicitly has an 'any' type.
../feed-reminder-up/trpc/routers/management/feed-orders.ts(19,44): error TS7031: Binding element 'eq' implicitly has an 'any' type.
../feed-reminder-up/trpc/routers/management/members.ts(1,30): error TS2307: Cannot find module '@/db/schema' or its corresponding type declarations.
../feed-reminder-up/trpc/routers/management/officers.ts(1,54): error TS2307: Cannot find module '@/db/schema' or its corresponding type declarations.
../feed-reminder-up/trpc/routers/management/officers.ts(21,33): error TS7006: Parameter 'o' implicitly has an 'any' type.
../feed-reminder-up/trpc/routers/management/officers.ts(58,50): error TS7006: Parameter 'f' implicitly has an 'any' type.
../feed-reminder-up/trpc/routers/management/officers.ts(78,25): error TS7006: Parameter 'f' implicitly has an 'any' type.
../feed-reminder-up/trpc/routers/management/officers.ts(79,22): error TS7006: Parameter 'f' implicitly has an 'any' type.
../feed-reminder-up/trpc/routers/management/officers.ts(81,54): error TS7006: Parameter 'f' implicitly has an 'any' type.
../feed-reminder-up/trpc/routers/management/officers.ts(140,33): error TS7006: Parameter 'f' implicitly has an 'any' type.
../feed-reminder-up/trpc/routers/management/officers.ts(141,34): error TS7006: Parameter 'acc' implicitly has an 'any' type.
../feed-reminder-up/trpc/routers/management/officers.ts(141,39): error TS7006: Parameter 'f' implicitly has an 'any' type.
../feed-reminder-up/trpc/routers/management/officers.ts(149,45): error TS7006: Parameter 'f' implicitly has an 'any' type.
../feed-reminder-up/trpc/routers/management/officers.ts(183,32): error TS7006: Parameter 'm' implicitly has an 'any' type.
../feed-reminder-up/trpc/routers/management/officers.ts(184,59): error TS7006: Parameter 'f' implicitly has an 'any' type.
../feed-reminder-up/trpc/routers/management/officers.ts(191,49): error TS7006: Parameter 'f' implicitly has an 'any' type.
../feed-reminder-up/trpc/routers/management/officers.ts(195,55): error TS7006: Parameter 'c' implicitly has an 'any' type.
../feed-reminder-up/trpc/routers/management/performance-reports.ts(1,20): error TS2307: Cannot find module '@/db' or its corresponding type declarations.
../feed-reminder-up/trpc/routers/management/performance-reports.ts(2,30): error TS2307: Cannot find module '@/db/schema' or its corresponding type declarations.
../feed-reminder-up/trpc/routers/management/performance-reports.ts(3,45): error TS2307: Cannot find module '@/modules/reports/server/services/performance-analytics-service' or its corresponding type declarations.
../feed-reminder-up/trpc/routers/management/performance-reports.ts(4,55): error TS2307: Cannot find module '@/trpc/init' or its corresponding type declarations.
../feed-reminder-up/trpc/routers/management/performance-reports.ts(15,25): error TS7031: Binding element 'input' implicitly has an 'any' type.
../feed-reminder-up/trpc/routers/management/performance-reports.ts(24,25): error TS7031: Binding element 'ctx' implicitly has an 'any' type.
../feed-reminder-up/trpc/routers/management/reports.ts(2,69): error TS2307: Cannot find module '@/db/schema' or its corresponding type declarations.
../feed-reminder-up/trpc/routers/management/reports.ts(19,56): error TS7006: Parameter 'f' implicitly has an 'any' type.
../feed-reminder-up/trpc/routers/management/reports.ts(20,48): error TS7006: Parameter 'f' implicitly has an 'any' type.
../feed-reminder-up/trpc/routers/management/reports.ts(64,47): error TS7006: Parameter 's' implicitly has an 'any' type.
../feed-reminder-up/trpc/routers/management/reports.ts(69,51): error TS7006: Parameter 'acc' implicitly has an 'any' type.
../feed-reminder-up/trpc/routers/management/reports.ts(69,56): error TS7006: Parameter 's' implicitly has an 'any' type.
../feed-reminder-up/trpc/routers/management/reports.ts(70,53): error TS7006: Parameter 'acc' implicitly has an 'any' type.
../feed-reminder-up/trpc/routers/management/reports.ts(70,58): error TS7006: Parameter 's' implicitly has an 'any' type.
../feed-reminder-up/trpc/routers/management/reports.ts(71,50): error TS7006: Parameter 'acc' implicitly has an 'any' type.
../feed-reminder-up/trpc/routers/management/reports.ts(71,55): error TS7006: Parameter 's' implicitly has an 'any' type.
../feed-reminder-up/trpc/routers/management/reports.ts(72,53): error TS7006: Parameter 'acc' implicitly has an 'any' type.
../feed-reminder-up/trpc/routers/management/reports.ts(72,58): error TS7006: Parameter 's' implicitly has an 'any' type.
../feed-reminder-up/trpc/routers/management/reports.ts(89,34): error TS7006: Parameter 'f' implicitly has an 'any' type.
../feed-reminder-up/trpc/routers/management/reports.ts(100,30): error TS7006: Parameter 's' implicitly has an 'any' type.
../feed-reminder-up/trpc/routers/management/reports.ts(181,50): error TS7006: Parameter 's' implicitly has an 'any' type.
../feed-reminder-up/trpc/routers/management/reports.ts(186,76): error TS7006: Parameter 's' implicitly has an 'any' type.
../feed-reminder-up/trpc/routers/management/reports.ts(223,48): error TS7006: Parameter 'acc' implicitly has an 'any' type.
../feed-reminder-up/trpc/routers/management/reports.ts(223,53): error TS7006: Parameter 'f' implicitly has an 'any' type.
../feed-reminder-up/trpc/routers/notifications.ts(2,20): error TS2307: Cannot find module '@/db' or its corresponding type declarations.
../feed-reminder-up/trpc/routers/notifications.ts(3,30): error TS2307: Cannot find module '@/db/schema' or its corresponding type declarations.
../feed-reminder-up/trpc/routers/notifications.ts(4,54): error TS2307: Cannot find module '@/trpc/init' or its corresponding type declarations.
../feed-reminder-up/trpc/routers/notifications.ts(18,25): error TS7031: Binding element 'ctx' implicitly has an 'any' type.
../feed-reminder-up/trpc/routers/notifications.ts(18,30): error TS7031: Binding element 'input' implicitly has an 'any' type.
../feed-reminder-up/trpc/routers/notifications.ts(58,25): error TS7031: Binding element 'ctx' implicitly has an 'any' type.
../feed-reminder-up/trpc/routers/notifications.ts(73,28): error TS7031: Binding element 'ctx' implicitly has an 'any' type.
../feed-reminder-up/trpc/routers/notifications.ts(73,33): error TS7031: Binding element 'input' implicitly has an 'any' type.
../feed-reminder-up/trpc/routers/notifications.ts(87,28): error TS7031: Binding element 'ctx' implicitly has an 'any' type.
../feed-reminder-up/trpc/routers/notifications.ts(97,28): error TS7031: Binding element 'ctx' implicitly has an 'any' type.
../feed-reminder-up/trpc/routers/notifications.ts(97,33): error TS7031: Binding element 'input' implicitly has an 'any' type.
../feed-reminder-up/trpc/routers/notifications.ts(111,25): error TS7031: Binding element 'ctx' implicitly has an 'any' type.
../feed-reminder-up/trpc/routers/notifications.ts(111,30): error TS7031: Binding element 'input' implicitly has an 'any' type.
../feed-reminder-up/trpc/routers/officer/cycles.ts(1,88): error TS2307: Cannot find module '@/db/schema' or its corresponding type declarations.
../feed-reminder-up/trpc/routers/officer/cycles.ts(2,33): error TS2307: Cannot find module '@/modules/cycles/server/services/feed-service' or its corresponding type declarations.
../feed-reminder-up/trpc/routers/officer/cycles.ts(60,33): error TS7006: Parameter 'd' implicitly has an 'any' type.
../feed-reminder-up/trpc/routers/officer/cycles.ts(120,33): error TS7006: Parameter 'd' implicitly has an 'any' type.
../feed-reminder-up/trpc/routers/officer/cycles.ts(222,62): error TS2307: Cannot find module '@/modules/notifications/server/notification-service' or its corresponding type declarations.
../feed-reminder-up/trpc/routers/officer/cycles.ts(270,52): error TS7006: Parameter 'f' implicitly has an 'any' type.
../feed-reminder-up/trpc/routers/officer/cycles.ts(294,32): error TS2339: Property 'officerId' does not exist on type '{}'.
../feed-reminder-up/trpc/routers/officer/cycles.ts(327,42): error TS2339: Property 'name' does not exist on type '{}'.
../feed-reminder-up/trpc/routers/officer/cycles.ts(394,46): error TS7006: Parameter 'c' implicitly has an 'any' type.
../feed-reminder-up/trpc/routers/officer/cycles.ts(402,36): error TS7006: Parameter 'h' implicitly has an 'any' type.
../feed-reminder-up/trpc/routers/officer/cycles.ts(454,37): error TS7006: Parameter 'c' implicitly has an 'any' type.
../feed-reminder-up/trpc/routers/officer/cycles.ts(462,37): error TS7006: Parameter 'h' implicitly has an 'any' type.
../feed-reminder-up/trpc/routers/officer/cycles.ts(500,52): error TS7006: Parameter 'tx' implicitly has an 'any' type.
../feed-reminder-up/trpc/routers/officer/cycles.ts(501,56): error TS2307: Cannot find module '@/modules/cycles/server/services/cycle-service' or its corresponding type declarations.
../feed-reminder-up/trpc/routers/officer/cycles.ts(550,61): error TS7006: Parameter 'tx' implicitly has an 'any' type.
../feed-reminder-up/trpc/routers/officer/cycles.ts(587,62): error TS2307: Cannot find module '@/modules/notifications/server/notification-service' or its corresponding type declarations.
../feed-reminder-up/trpc/routers/officer/cycles.ts(620,34): error TS7006: Parameter 'd' implicitly has an 'any' type.
../feed-reminder-up/trpc/routers/officer/cycles.ts(625,42): error TS7006: Parameter 'r' implicitly has an 'any' type.
../feed-reminder-up/trpc/routers/officer/cycles.ts(666,52): error TS7006: Parameter 'tx' implicitly has an 'any' type.
../feed-reminder-up/trpc/routers/officer/cycles.ts(780,66): error TS2307: Cannot find module '@/modules/notifications/server/notification-service' or its corresponding type declarations.
../feed-reminder-up/trpc/routers/officer/cycles.ts(805,52): error TS7006: Parameter 'tx' implicitly has an 'any' type.
../feed-reminder-up/trpc/routers/officer/cycles.ts(953,52): error TS7006: Parameter 'tx' implicitly has an 'any' type.
../feed-reminder-up/trpc/routers/officer/cycles.ts(1094,52): error TS7006: Parameter 'tx' implicitly has an 'any' type.
../feed-reminder-up/trpc/routers/officer/cycles.ts(1172,66): error TS2307: Cannot find module '@/modules/notifications/server/notification-service' or its corresponding type declarations.
../feed-reminder-up/trpc/routers/officer/cycles.ts(1198,52): error TS7006: Parameter 'tx' implicitly has an 'any' type.
../feed-reminder-up/trpc/routers/officer/cycles.ts(1272,62): error TS2307: Cannot find module '@/modules/cycles/server/services/feed-service' or its corresponding type declarations.
../feed-reminder-up/trpc/routers/officer/cycles.ts(1293,52): error TS7006: Parameter 'tx' implicitly has an 'any' type.
../feed-reminder-up/trpc/routers/officer/cycles.ts(1392,66): error TS2307: Cannot find module '@/modules/notifications/server/notification-service' or its corresponding type declarations.
../feed-reminder-up/trpc/routers/officer/cycles.ts(1415,52): error TS7006: Parameter 'tx' implicitly has an 'any' type.
../feed-reminder-up/trpc/routers/officer/cycles.ts(1499,66): error TS2307: Cannot find module '@/modules/notifications/server/notification-service' or its corresponding type declarations.
../feed-reminder-up/trpc/routers/officer/doc-orders.ts(1,80): error TS2307: Cannot find module '@/db/schema' or its corresponding type declarations.
../feed-reminder-up/trpc/routers/officer/doc-orders.ts(2,33): error TS2307: Cannot find module '@/modules/cycles/server/services/feed-service' or its corresponding type declarations.
../feed-reminder-up/trpc/routers/officer/doc-orders.ts(157,52): error TS7006: Parameter 'tx' implicitly has an 'any' type.
../feed-reminder-up/trpc/routers/officer/doc-orders.ts(235,52): error TS7006: Parameter 'tx' implicitly has an 'any' type.
../feed-reminder-up/trpc/routers/officer/farmers.ts(1,102): error TS2307: Cannot find module '@/db/schema' or its corresponding type declarations.
../feed-reminder-up/trpc/routers/officer/farmers.ts(2,68): error TS2307: Cannot find module '@/trpc/init' or its corresponding type declarations.
../feed-reminder-up/trpc/routers/officer/farmers.ts(64,25): error TS7031: Binding element 'ctx' implicitly has an 'any' type.
../feed-reminder-up/trpc/routers/officer/farmers.ts(64,30): error TS7031: Binding element 'input' implicitly has an 'any' type.
../feed-reminder-up/trpc/routers/officer/farmers.ts(99,40): error TS7006: Parameter 'f' implicitly has an 'any' type.
../feed-reminder-up/trpc/routers/officer/farmers.ts(101,64): error TS7006: Parameter 'sum' implicitly has an 'any' type.
../feed-reminder-up/trpc/routers/officer/farmers.ts(101,69): error TS7006: Parameter 'c' implicitly has an 'any' type.
../feed-reminder-up/trpc/routers/officer/farmers.ts(109,60): error TS7006: Parameter 'sum' implicitly has an 'any' type.
../feed-reminder-up/trpc/routers/officer/farmers.ts(109,65): error TS7006: Parameter 'c' implicitly has an 'any' type.
../feed-reminder-up/trpc/routers/officer/farmers.ts(132,25): error TS7031: Binding element 'ctx' implicitly has an 'any' type.
../feed-reminder-up/trpc/routers/officer/farmers.ts(132,30): error TS7031: Binding element 'input' implicitly has an 'any' type.
../feed-reminder-up/trpc/routers/officer/farmers.ts(168,33): error TS7006: Parameter 'f' implicitly has an 'any' type.
../feed-reminder-up/trpc/routers/officer/farmers.ts(171,56): error TS7006: Parameter 'sum' implicitly has an 'any' type.
../feed-reminder-up/trpc/routers/officer/farmers.ts(171,61): error TS7006: Parameter 'c' implicitly has an 'any' type.
../feed-reminder-up/trpc/routers/officer/farmers.ts(188,28): error TS7031: Binding element 'ctx' implicitly has an 'any' type.
../feed-reminder-up/trpc/routers/officer/farmers.ts(188,33): error TS7031: Binding element 'input' implicitly has an 'any' type.
../feed-reminder-up/trpc/routers/officer/farmers.ts(223,52): error TS7006: Parameter 'tx' implicitly has an 'any' type.
../feed-reminder-up/trpc/routers/officer/farmers.ts(246,66): error TS2307: Cannot find module '@/modules/notifications/server/notification-service' or its corresponding type declarations.
../feed-reminder-up/trpc/routers/officer/farmers.ts(271,28): error TS7031: Binding element 'ctx' implicitly has an 'any' type.
../feed-reminder-up/trpc/routers/officer/farmers.ts(271,33): error TS7031: Binding element 'input' implicitly has an 'any' type.
../feed-reminder-up/trpc/routers/officer/farmers.ts(305,52): error TS7006: Parameter 'tx' implicitly has an 'any' type.
../feed-reminder-up/trpc/routers/officer/farmers.ts(340,55): error TS7006: Parameter 'c' implicitly has an 'any' type.
../feed-reminder-up/trpc/routers/officer/farmers.ts(341,58): error TS7006: Parameter 'h' implicitly has an 'any' type.
../feed-reminder-up/trpc/routers/officer/farmers.ts(361,55): error TS7006: Parameter 'c' implicitly has an 'any' type.
../feed-reminder-up/trpc/routers/officer/farmers.ts(362,58): error TS7006: Parameter 'h' implicitly has an 'any' type.
../feed-reminder-up/trpc/routers/officer/farmers.ts(379,66): error TS2307: Cannot find module '@/modules/notifications/server/notification-service' or its corresponding type declarations.
../feed-reminder-up/trpc/routers/officer/farmers.ts(405,28): error TS7031: Binding element 'ctx' implicitly has an 'any' type.
../feed-reminder-up/trpc/routers/officer/farmers.ts(405,33): error TS7031: Binding element 'input' implicitly has an 'any' type.
../feed-reminder-up/trpc/routers/officer/farmers.ts(410,52): error TS7006: Parameter 'tx' implicitly has an 'any' type.
../feed-reminder-up/trpc/routers/officer/farmers.ts(412,53): error TS7006: Parameter 'f' implicitly has an 'any' type.
../feed-reminder-up/trpc/routers/officer/farmers.ts(424,60): error TS7006: Parameter 'f' implicitly has an 'any' type.
../feed-reminder-up/trpc/routers/officer/farmers.ts(427,52): error TS7006: Parameter 'f' implicitly has an 'any' type.
../feed-reminder-up/trpc/routers/officer/farmers.ts(430,72): error TS7006: Parameter 'item' implicitly has an 'any' type.
../feed-reminder-up/trpc/routers/officer/farmers.ts(436,27): error TS18046: 'f' is of type 'unknown'.
../feed-reminder-up/trpc/routers/officer/farmers.ts(439,32): error TS18046: 'f' is of type 'unknown'.
../feed-reminder-up/trpc/routers/officer/farmers.ts(440,31): error TS18046: 'f' is of type 'unknown'.
../feed-reminder-up/trpc/routers/officer/farmers.ts(441,29): error TS18046: 'f' is of type 'unknown'.
../feed-reminder-up/trpc/routers/officer/farmers.ts(448,26): error TS7006: Parameter 'f' implicitly has an 'any' type.
../feed-reminder-up/trpc/routers/officer/farmers.ts(449,67): error TS18046: 'u' is of type 'unknown'.
../feed-reminder-up/trpc/routers/officer/farmers.ts(452,48): error TS2339: Property 'initialStock' does not exist on type '{}'.
../feed-reminder-up/trpc/routers/officer/farmers.ts(457,29): error TS7006: Parameter 'log' implicitly has an 'any' type.
../feed-reminder-up/trpc/routers/officer/farmers.ts(466,70): error TS2307: Cannot find module '@/modules/notifications/server/notification-service' or its corresponding type declarations.
../feed-reminder-up/trpc/routers/officer/farmers.ts(486,28): error TS7031: Binding element 'ctx' implicitly has an 'any' type.
../feed-reminder-up/trpc/routers/officer/farmers.ts(486,33): error TS7031: Binding element 'input' implicitly has an 'any' type.
../feed-reminder-up/trpc/routers/officer/farmers.ts(524,62): error TS2307: Cannot find module '@/modules/notifications/server/notification-service' or its corresponding type declarations.
../feed-reminder-up/trpc/routers/officer/farmers.ts(541,25): error TS7031: Binding element 'ctx' implicitly has an 'any' type.
../feed-reminder-up/trpc/routers/officer/farmers.ts(541,30): error TS7031: Binding element 'input' implicitly has an 'any' type.
../feed-reminder-up/trpc/routers/officer/farmers.ts(559,25): error TS7031: Binding element 'ctx' implicitly has an 'any' type.
../feed-reminder-up/trpc/routers/officer/farmers.ts(559,30): error TS7031: Binding element 'input' implicitly has an 'any' type.
../feed-reminder-up/trpc/routers/officer/farmers.ts(575,28): error TS7031: Binding element 'ctx' implicitly has an 'any' type.
../feed-reminder-up/trpc/routers/officer/farmers.ts(575,33): error TS7031: Binding element 'input' implicitly has an 'any' type.
../feed-reminder-up/trpc/routers/officer/farmers.ts(591,52): error TS7006: Parameter 'tx' implicitly has an 'any' type.
../feed-reminder-up/trpc/routers/officer/farmers.ts(611,70): error TS2307: Cannot find module '@/modules/notifications/server/notification-service' or its corresponding type declarations.
../feed-reminder-up/trpc/routers/officer/farmers.ts(634,25): error TS7031: Binding element 'ctx' implicitly has an 'any' type.
../feed-reminder-up/trpc/routers/officer/farmers.ts(634,30): error TS7031: Binding element 'input' implicitly has an 'any' type.
../feed-reminder-up/trpc/routers/officer/feed-orders.ts(1,71): error TS2307: Cannot find module '@/db/schema' or its corresponding type declarations.
../feed-reminder-up/trpc/routers/officer/feed-orders.ts(178,52): error TS7006: Parameter 'tx' implicitly has an 'any' type.
../feed-reminder-up/trpc/routers/officer/feed-orders.ts(235,52): error TS7006: Parameter 'tx' implicitly has an 'any' type.
../feed-reminder-up/trpc/routers/officer/officer.ts(1,56): error TS2307: Cannot find module '@/db/schema' or its corresponding type declarations.
../feed-reminder-up/trpc/routers/officer/officer.ts(59,58): error TS7006: Parameter 'sum' implicitly has an 'any' type.
../feed-reminder-up/trpc/routers/officer/officer.ts(59,63): error TS7006: Parameter 'f' implicitly has an 'any' type.
../feed-reminder-up/trpc/routers/officer/officer.ts(60,49): error TS7006: Parameter 'f' implicitly has an 'any' type.
../feed-reminder-up/trpc/routers/officer/officer.ts(92,65): error TS7006: Parameter 'sum' implicitly has an 'any' type.
../feed-reminder-up/trpc/routers/officer/officer.ts(92,70): error TS7006: Parameter 'c' implicitly has an 'any' type.
../feed-reminder-up/trpc/routers/officer/officer.ts(93,57): error TS7006: Parameter 'sum' implicitly has an 'any' type.
../feed-reminder-up/trpc/routers/officer/officer.ts(93,62): error TS7006: Parameter 'c' implicitly has an 'any' type.
../feed-reminder-up/trpc/routers/officer/officer.ts(94,53): error TS7006: Parameter 'sum' implicitly has an 'any' type.
../feed-reminder-up/trpc/routers/officer/officer.ts(94,58): error TS7006: Parameter 'c' implicitly has an 'any' type.
../feed-reminder-up/trpc/routers/officer/officer.ts(95,51): error TS7006: Parameter 'sum' implicitly has an 'any' type.
../feed-reminder-up/trpc/routers/officer/officer.ts(95,56): error TS7006: Parameter 'c' implicitly has an 'any' type.
../feed-reminder-up/trpc/routers/officer/officer.ts(96,57): error TS7006: Parameter 'sum' implicitly has an 'any' type.
../feed-reminder-up/trpc/routers/officer/officer.ts(96,62): error TS7006: Parameter 'c' implicitly has an 'any' type.
../feed-reminder-up/trpc/routers/officer/officer.ts(100,34): error TS7006: Parameter 'c' implicitly has an 'any' type.
../feed-reminder-up/trpc/routers/officer/officer.ts(106,35): error TS7006: Parameter 'f' implicitly has an 'any' type.
../feed-reminder-up/trpc/routers/officer/performance-reports.ts(1,66): error TS2307: Cannot find module '@/db/schema' or its corresponding type declarations.
../feed-reminder-up/trpc/routers/officer/performance-reports.ts(2,45): error TS2307: Cannot find module '@/modules/reports/server/services/performance-analytics-service' or its corresponding type declarations.
../feed-reminder-up/trpc/routers/officer/performance-reports.ts(3,48): error TS2307: Cannot find module '@/trpc/init' or its corresponding type declarations.
../feed-reminder-up/trpc/routers/officer/performance-reports.ts(25,25): error TS7031: Binding element 'ctx' implicitly has an 'any' type.
../feed-reminder-up/trpc/routers/officer/performance-reports.ts(25,30): error TS7031: Binding element 'input' implicitly has an 'any' type.
../feed-reminder-up/trpc/routers/officer/performance-reports.ts(100,25): error TS7031: Binding element 'ctx' implicitly has an 'any' type.
../feed-reminder-up/trpc/routers/officer/performance-reports.ts(100,30): error TS7031: Binding element 'input' implicitly has an 'any' type.
../feed-reminder-up/trpc/routers/officer/performance-reports.ts(212,25): error TS7031: Binding element 'ctx' implicitly has an 'any' type.
../feed-reminder-up/trpc/routers/officer/performance-reports.ts(212,30): error TS7031: Binding element 'input' implicitly has an 'any' type.
../feed-reminder-up/trpc/routers/officer/performance-reports.ts(290,39): error TS7006: Parameter 'row' implicitly has an 'any' type.
../feed-reminder-up/trpc/routers/officer/performance-reports.ts(293,36): error TS7006: Parameter 'row' implicitly has an 'any' type.
../feed-reminder-up/trpc/routers/officer/performance-reports.ts(296,36): error TS7006: Parameter 'row' implicitly has an 'any' type.
../feed-reminder-up/trpc/routers/officer/performance-reports.ts(312,25): error TS7031: Binding element 'ctx' implicitly has an 'any' type.
../feed-reminder-up/trpc/routers/officer/performance-reports.ts(312,30): error TS7031: Binding element 'input' implicitly has an 'any' type.
../feed-reminder-up/trpc/routers/officer/reports.ts(2,46): error TS2307: Cannot find module '@/db/schema' or its corresponding type declarations.
../feed-reminder-up/trpc/routers/officer/sale-orders.ts(1,52): error TS2307: Cannot find module '@/db/schema' or its corresponding type declarations.
../feed-reminder-up/trpc/routers/officer/sales.ts(1,76): error TS2307: Cannot find module '@/constants' or its corresponding type declarations.
../feed-reminder-up/trpc/routers/officer/sales.ts(2,90): error TS2307: Cannot find module '@/db/schema' or its corresponding type declarations.
../feed-reminder-up/trpc/routers/officer/sales.ts(9,33): error TS2307: Cannot find module '@/modules/cycles/server/services/feed-service' or its corresponding type declarations.
../feed-reminder-up/trpc/routers/officer/sales.ts(10,36): error TS2307: Cannot find module '@/modules/reports/server/services/sale-metrics-service' or its corresponding type declarations.
../feed-reminder-up/trpc/routers/officer/sales.ts(247,60): error TS7006: Parameter 'tx' implicitly has an 'any' type.
../feed-reminder-up/trpc/routers/officer/sales.ts(372,60): error TS2307: Cannot find module '@/modules/cycles/server/services/cycle-service' or its corresponding type declarations.
../feed-reminder-up/trpc/routers/officer/sales.ts(421,62): error TS2307: Cannot find module '@/modules/notifications/server/notification-service' or its corresponding type declarations.
../feed-reminder-up/trpc/routers/officer/sales.ts(480,60): error TS7006: Parameter 'tx' implicitly has an 'any' type.
../feed-reminder-up/trpc/routers/officer/sales.ts(597,68): error TS2307: Cannot find module '@/modules/cycles/server/services/cycle-service' or its corresponding type declarations.
../feed-reminder-up/trpc/routers/officer/sales.ts(650,62): error TS2307: Cannot find module '@/modules/notifications/server/notification-service' or its corresponding type declarations.
../feed-reminder-up/trpc/routers/officer/sales.ts(962,52): error TS7006: Parameter 'c' implicitly has an 'any' type.
../feed-reminder-up/trpc/routers/officer/sales.ts(963,53): error TS7006: Parameter 'h' implicitly has an 'any' type.
../feed-reminder-up/trpc/routers/officer/sales.ts(1032,32): error TS7006: Parameter 'e' implicitly has an 'any' type.
../feed-reminder-up/trpc/routers/officer/sales.ts(1055,51): error TS7006: Parameter 'evt' implicitly has an 'any' type.
../feed-reminder-up/trpc/routers/officer/sales.ts(1067,37): error TS7006: Parameter 'evt' implicitly has an 'any' type.
../feed-reminder-up/trpc/routers/officer/sales.ts(1167,60): error TS7006: Parameter 'tx' implicitly has an 'any' type.
../feed-reminder-up/trpc/routers/officer/sales.ts(1318,53): error TS7006: Parameter 'e' implicitly has an 'any' type.
../feed-reminder-up/trpc/routers/officer/sales.ts(1319,55): error TS7006: Parameter 'e' implicitly has an 'any' type.
../feed-reminder-up/trpc/routers/officer/sales.ts(1344,46): error TS7006: Parameter 'e' implicitly has an 'any' type.
../feed-reminder-up/trpc/routers/officer/sales.ts(1410,58): error TS7006: Parameter 'e' implicitly has an 'any' type.
../feed-reminder-up/trpc/routers/officer/sales.ts(1427,60): error TS7006: Parameter 'tx' implicitly has an 'any' type.
../feed-reminder-up/trpc/routers/officer/sales.ts(1444,58): error TS7006: Parameter 'e' implicitly has an 'any' type.
../feed-reminder-up/trpc/routers/officer/stock.ts(1,43): error TS2307: Cannot find module '@/db/schema' or its corresponding type declarations.
../feed-reminder-up/trpc/routers/officer/stock.ts(2,68): error TS2307: Cannot find module '@/trpc/init' or its corresponding type declarations.
../feed-reminder-up/trpc/routers/officer/stock.ts(11,25): error TS7031: Binding element 'ctx' implicitly has an 'any' type.
../feed-reminder-up/trpc/routers/officer/stock.ts(11,30): error TS7031: Binding element 'input' implicitly has an 'any' type.
../feed-reminder-up/trpc/routers/officer/stock.ts(35,28): error TS7031: Binding element 'ctx' implicitly has an 'any' type.
../feed-reminder-up/trpc/routers/officer/stock.ts(35,33): error TS7031: Binding element 'input' implicitly has an 'any' type.
../feed-reminder-up/trpc/routers/officer/stock.ts(46,52): error TS7006: Parameter 'tx' implicitly has an 'any' type.
../feed-reminder-up/trpc/routers/officer/stock.ts(65,66): error TS2307: Cannot find module '@/modules/notifications/server/notification-service' or its corresponding type declarations.
../feed-reminder-up/trpc/routers/officer/stock.ts(86,28): error TS7031: Binding element 'ctx' implicitly has an 'any' type.
../feed-reminder-up/trpc/routers/officer/stock.ts(86,33): error TS7031: Binding element 'input' implicitly has an 'any' type.
../feed-reminder-up/trpc/routers/officer/stock.ts(97,52): error TS7006: Parameter 'tx' implicitly has an 'any' type.
../feed-reminder-up/trpc/routers/officer/stock.ts(116,66): error TS2307: Cannot find module '@/modules/notifications/server/notification-service' or its corresponding type declarations.
../feed-reminder-up/trpc/routers/officer/stock.ts(140,28): error TS7031: Binding element 'ctx' implicitly has an 'any' type.
../feed-reminder-up/trpc/routers/officer/stock.ts(140,33): error TS7031: Binding element 'input' implicitly has an 'any' type.
../feed-reminder-up/trpc/routers/officer/stock.ts(144,60): error TS7006: Parameter 'tx' implicitly has an 'any' type.
../feed-reminder-up/trpc/routers/officer/stock.ts(145,50): error TS7006: Parameter 'i' implicitly has an 'any' type.
../feed-reminder-up/trpc/routers/officer/stock.ts(156,65): error TS7006: Parameter 'f' implicitly has an 'any' type.
../feed-reminder-up/trpc/routers/officer/stock.ts(160,50): error TS7006: Parameter 'item' implicitly has an 'any' type.
../feed-reminder-up/trpc/routers/officer/stock.ts(165,54): error TS7006: Parameter 'item' implicitly has an 'any' type.
../feed-reminder-up/trpc/routers/officer/stock.ts(196,66): error TS2307: Cannot find module '@/modules/notifications/server/notification-service' or its corresponding type declarations.
../feed-reminder-up/trpc/routers/officer/stock.ts(220,28): error TS7031: Binding element 'ctx' implicitly has an 'any' type.
../feed-reminder-up/trpc/routers/officer/stock.ts(220,33): error TS7031: Binding element 'input' implicitly has an 'any' type.
../feed-reminder-up/trpc/routers/officer/stock.ts(226,52): error TS7006: Parameter 'tx' implicitly has an 'any' type.
../feed-reminder-up/trpc/routers/officer/stock.ts(311,66): error TS2307: Cannot find module '@/modules/notifications/server/notification-service' or its corresponding type declarations.
../feed-reminder-up/trpc/routers/officer/stock.ts(333,28): error TS7031: Binding element 'ctx' implicitly has an 'any' type.
../feed-reminder-up/trpc/routers/officer/stock.ts(333,33): error TS7031: Binding element 'input' implicitly has an 'any' type.
../feed-reminder-up/trpc/routers/officer/stock.ts(334,52): error TS7006: Parameter 'tx' implicitly has an 'any' type.
../feed-reminder-up/trpc/routers/officer/stock.ts(415,66): error TS2307: Cannot find module '@/modules/notifications/server/notification-service' or its corresponding type declarations.
../feed-reminder-up/trpc/routers/officer/stock.ts(438,28): error TS7031: Binding element 'ctx' implicitly has an 'any' type.
../feed-reminder-up/trpc/routers/officer/stock.ts(438,33): error TS7031: Binding element 'input' implicitly has an 'any' type.
../feed-reminder-up/trpc/routers/officer/stock.ts(439,52): error TS7006: Parameter 'tx' implicitly has an 'any' type.
../feed-reminder-up/trpc/routers/officer/stock.ts(511,66): error TS2307: Cannot find module '@/modules/notifications/server/notification-service' or its corresponding type declarations.
../feed-reminder-up/trpc/routers/officer/stock.ts(532,28): error TS7031: Binding element 'ctx' implicitly has an 'any' type.
../feed-reminder-up/trpc/routers/officer/stock.ts(532,33): error TS7031: Binding element 'input' implicitly has an 'any' type.
../feed-reminder-up/trpc/routers/officer/stock.ts(533,52): error TS7006: Parameter 'tx' implicitly has an 'any' type.
../feed-reminder-up/trpc/routers/officer/stock.ts(612,66): error TS2307: Cannot find module '@/modules/notifications/server/notification-service' or its corresponding type declarations.
../feed-reminder-up/trpc/routers/officer/stock.ts(633,25): error TS7031: Binding element 'ctx' implicitly has an 'any' type.
../feed-reminder-up/trpc/routers/officer/stock.ts(633,30): error TS7031: Binding element 'input' implicitly has an 'any' type.
../feed-reminder-up/trpc/routers/officer/stock.ts(668,25): error TS7031: Binding element 'ctx' implicitly has an 'any' type.
../feed-reminder-up/trpc/routers/officer/stock.ts(668,30): error TS7031: Binding element 'input' implicitly has an 'any' type.
../feed-reminder-up/trpc/routers/officer/stock.ts(717,25): error TS7031: Binding element 'ctx' implicitly has an 'any' type.
../feed-reminder-up/trpc/routers/officer/stock.ts(717,30): error TS7031: Binding element 'input' implicitly has an 'any' type.
../feed-reminder-up/trpc/routers/utils.ts(1,60): error TS2307: Cannot find module '@/db/schema' or its corresponding type declarations.
app/(auth)/sign-in.tsx(41,32): error TS2345: Argument of type '"/(tabs)"' is not assignable to parameter of type '"/verify-email" | RelativePathString | ExternalPathString | "/modal" | `/modal?${string}` | `/modal#${string}` | "/../components/orders/create-sale-order-modal" | ... 179 more ... | { ...; }'.
app/(auth)/verify-email.tsx(75,32): error TS2345: Argument of type '"/(tabs)"' is not assignable to parameter of type '"/verify-email" | RelativePathString | ExternalPathString | "/modal" | `/modal?${string}` | `/modal#${string}` | "/../components/orders/create-sale-order-modal" | ... 179 more ... | { ...; }'.
components/farmers/delete-farmer-modal.tsx(35,32): error TS2345: Argument of type '"/(tabs)/farmers"' is not assignable to parameter of type '"/verify-email" | RelativePathString | ExternalPathString | "/modal" | `/modal?${string}` | `/modal#${string}` | "/../components/orders/create-sale-order-modal" | ... 179 more ... | { ...; }'.
